// Vitest Snapshot v1, https://vitest.dev/guide/snapshot.html

exports[`tdesign > tdesign default 1`] = `[Function]`;
