// Vitest Snapshot v1, https://vitest.dev/guide/snapshot.html

exports[`vant > vant default 1`] = `
[
  "action-sheet",
  "area",
  "button",
  "calendar",
  "card",
  "cascader",
  "cell",
  "cell-group",
  "checkbox",
  "checkbox-group",
  "circle",
  "col",
  "collapse",
  "collapse-item",
  "config-provider",
  "count-down",
  "datetime-picker",
  "definitions",
  "dialog",
  "divider",
  "dropdown-item",
  "dropdown-menu",
  "empty",
  "field",
  "goods-action",
  "goods-action-button",
  "goods-action-icon",
  "grid",
  "grid-item",
  "icon",
  "image",
  "index-anchor",
  "index-bar",
  "info",
  "loading",
  "nav-bar",
  "notice-bar",
  "notify",
  "overlay",
  "panel",
  "picker",
  "picker-column",
  "popup",
  "progress",
  "radio",
  "radio-group",
  "rate",
  "row",
  "search",
  "share-sheet",
  "sidebar",
  "sidebar-item",
  "skeleton",
  "slider",
  "stepper",
  "steps",
  "sticky",
  "submit-bar",
  "swipe-cell",
  "switch",
  "tab",
  "tabbar",
  "tabbar-item",
  "tabs",
  "tag",
  "toast",
  "transition",
  "tree-select",
  "uploader",
]
`;
