// Vitest Snapshot v1, https://vitest.dev/guide/snapshot.html

exports[`loadDefaultConfig > compilerContext 1`] = `
{
  "inlineConfig": {},
  "isDev": false,
  "mode": "",
  "packageJson": {},
  "parent": undefined,
  "projectConfig": {},
  "subPackage": undefined,
  "subPackageContextMap": Map {},
  "type": "app",
  "watcherMap": Map {},
}
`;

exports[`loadDefaultConfig > compilerContext 2`] = `
{
  "inlineConfig": {
    "build": {
      "assetsDir": ".",
      "commonjsOptions": {
        "include": undefined,
        "transformMixedEsModules": true,
      },
      "rollupOptions": {
        "external": [
          "dlv",
        ],
        "output": {
          "entryFileNames": [Function],
          "format": "cjs",
          "strict": false,
        },
      },
    },
    "configFile": false,
    "mode": "",
    "plugins": [
      {
        "configResolved": [Function],
        "enforce": "pre",
        "name": "vite-tsconfig-paths",
        "resolveId": [Function],
      },
    ],
    "weapp": {
      "srcRoot": "src",
    },
  },
  "isDev": false,
  "mode": "",
  "packageJson": {
    "author": "ice breaker <1324318532@qq.com>",
    "bugs": {
      "url": "https://github.com/sonofmagic/weapp-tailwindcss/issues",
    },
    "dependencies": {
      "dlv": "^1.1.3",
    },
    "description": "",
    "keywords": [],
    "license": "ISC",
    "main": "index.js",
    "name": "case0",
    "repository": {
      "directory": "packages/weapp-vite/test/fixtures/loadDefaultConfig/case0",
      "type": "git",
      "url": "git+https://github.com/sonofmagic/weapp-tailwindcss.git",
    },
    "scripts": {},
    "version": "1.0.0",
  },
  "parent": undefined,
  "projectConfig": {
    "xasd": "fdsa",
  },
  "subPackage": undefined,
  "subPackageContextMap": Map {},
  "type": "app",
  "watcherMap": Map {},
}
`;
