// Vitest Snapshot v1, https://vitest.dev/guide/snapshot.html

exports[`defaults > defaultExcluded 1`] = `
[
  "**/node_modules/**",
  "**/miniprogram_npm/**",
]
`;
