// Vitest Snapshot v1, https://vitest.dev/guide/snapshot.html

exports[`watch > watch > loadFiles hmr 1`] = `[]`;

exports[`watch > watch > subLoadFiles 1`] = `
[
  "packageB/pages/apple.js",
  "packageB/pages/banana.ts",
  "packageB/index.ts",
  "packageB/pages/banana.css?wxss",
  "utils/util.ts",
  "packageB/pages/apple.scss",
]
`;

exports[`watch > watch > subLoadFiles hmr 1`] = `[]`;

exports[`watch > watch > watchFiles 1`] = `
[
  "../package.json",
  "app.css",
  "app.json",
  "app.json.js",
  "app.json.ts",
  "app.less",
  "app.sass",
  "app.scss",
  "app.styl",
  "app.ts",
  "app.wxss",
  "components/Navbar/Navbar.css",
  "components/Navbar/Navbar.html",
  "components/Navbar/Navbar.json",
  "components/Navbar/Navbar.json.js",
  "components/Navbar/Navbar.json.ts",
  "components/Navbar/Navbar.less",
  "components/Navbar/Navbar.sass",
  "components/Navbar/Navbar.scss",
  "components/Navbar/Navbar.styl",
  "components/Navbar/Navbar.ts",
  "components/Navbar/Navbar.wxml",
  "components/Navbar/Navbar.wxss",
  "packageA/index.css",
  "packageA/index.html",
  "packageA/index.js",
  "packageA/index.json",
  "packageA/index.json.js",
  "packageA/index.json.ts",
  "packageA/index.less",
  "packageA/index.sass",
  "packageA/index.scss",
  "packageA/index.styl",
  "packageA/index.wxml",
  "packageA/index.wxss",
  "packageA/pages/cat.css",
  "packageA/pages/cat.html",
  "packageA/pages/cat.json",
  "packageA/pages/cat.json.js",
  "packageA/pages/cat.json.ts",
  "packageA/pages/cat.less",
  "packageA/pages/cat.sass",
  "packageA/pages/cat.scss",
  "packageA/pages/cat.styl",
  "packageA/pages/cat.ts",
  "packageA/pages/cat.wxml",
  "packageA/pages/cat.wxss",
  "packageA/pages/dog.css",
  "packageA/pages/dog.html",
  "packageA/pages/dog.json",
  "packageA/pages/dog.json.js",
  "packageA/pages/dog.json.ts",
  "packageA/pages/dog.less",
  "packageA/pages/dog.sass",
  "packageA/pages/dog.scss",
  "packageA/pages/dog.styl",
  "packageA/pages/dog.ts",
  "packageA/pages/dog.wxml",
  "packageA/pages/dog.wxss",
  "pages/index/bbc.wxs",
  "pages/index/esm.wxs",
  "pages/index/index.css",
  "pages/index/index.html",
  "pages/index/index.json",
  "pages/index/index.json.js",
  "pages/index/index.json.ts",
  "pages/index/index.less",
  "pages/index/index.sass",
  "pages/index/index.scss",
  "pages/index/index.styl",
  "pages/index/index.ts",
  "pages/index/index.wxml",
  "pages/index/index.wxs.ts",
  "pages/index/index.wxss",
  "sitemap.json",
  "sitemap.json.js",
  "sitemap.json.ts",
  "stores/index.js",
  "theme.json",
  "theme.json.js",
  "theme.json.ts",
  "utils/util.ts",
]
`;

exports[`watch > watch > watchFiles-packageB 1`] = `
[
  "../package.json",
  "packageB/index.css",
  "packageB/index.html",
  "packageB/index.json",
  "packageB/index.json.js",
  "packageB/index.json.ts",
  "packageB/index.less",
  "packageB/index.sass",
  "packageB/index.scss",
  "packageB/index.styl",
  "packageB/index.ts",
  "packageB/index.wxml",
  "packageB/index.wxss",
  "packageB/pages/apple.css",
  "packageB/pages/apple.html",
  "packageB/pages/apple.js",
  "packageB/pages/apple.json",
  "packageB/pages/apple.json.js",
  "packageB/pages/apple.json.ts",
  "packageB/pages/apple.less",
  "packageB/pages/apple.sass",
  "packageB/pages/apple.scss",
  "packageB/pages/apple.styl",
  "packageB/pages/apple.wxml",
  "packageB/pages/apple.wxss",
  "packageB/pages/banana.css",
  "packageB/pages/banana.html",
  "packageB/pages/banana.json",
  "packageB/pages/banana.json.js",
  "packageB/pages/banana.json.ts",
  "packageB/pages/banana.less",
  "packageB/pages/banana.sass",
  "packageB/pages/banana.scss",
  "packageB/pages/banana.styl",
  "packageB/pages/banana.ts",
  "packageB/pages/banana.wxml",
  "packageB/pages/banana.wxss",
  "pages/index/bbc.wxs",
  "pages/index/cjs.wxs",
  "pages/index/dep.wxs",
  "pages/index/dep1.wxs",
  "pages/index/dep2.wxs",
  "pages/index/esm.wxs",
  "pages/index/index.wxs.ts",
  "pages/index/xx.wxs",
  "utils/util.ts",
]
`;

exports[`watch > watch > wxs 1`] = `
[
  {
    "code": "module.exports = {
  a: '1',
  v: '2'
};",
    "file": "pages/index/bbc.wxs",
  },
  {
    "code": "function tapName(event, ownerInstance) {
  console.log('tap 撒的撒打算', JSON.stringify(event));
}
module.exports = {
  tapName: tapName
};",
    "file": "pages/index/cjs.wxs",
  },
  {
    "code": "",
    "file": "pages/index/dep.wxs",
  },
  {
    "code": "",
    "file": "pages/index/dep1.wxs",
  },
  {
    "code": "",
    "file": "pages/index/dep2.wxs",
  },
  {
    "code": "var x = require('./cjs.wxs');
var xx = './dep.wxs';
var y = "./dep1.wxs";
var z = "./dep2" + '.wxs';
require(xx);
require(y);
require(z);
function tapName(event, ownerInstance) {
  console.log('tap 撒的撒打算', JSON.stringify(event));
}",
    "file": "pages/index/esm.wxs",
  },
  {
    "code": "module.exports.bar = bar;
module.exports.foo = void 0;
require("./xx.wxs");
var foo = module.exports.foo = '\\'hello world\\' from 我爱着';
function bar(d) {
  return d;
}",
    "file": "pages/index/index.wxs",
  },
  {
    "code": "console.log('xx');",
    "file": "pages/index/xx.wxs",
  },
]
`;

exports[`watch > watch 1`] = `
[
  "app.js",
  "app.json",
  "app.wxss",
  "components/Navbar/Navbar.js",
  "components/Navbar/Navbar.json",
  "components/Navbar/Navbar.wxml",
  "components/Navbar/Navbar.wxss",
  "lodash-j7psf0cq.js",
  "miniprogram_npm/buffer/index.js",
  "miniprogram_npm/gm-crypto/index.js",
  "packageA/index.js",
  "packageA/pages/cat.js",
  "packageA/pages/cat.json",
  "packageA/pages/cat.wxml",
  "packageA/pages/cat.wxss",
  "packageA/pages/dog.js",
  "packageA/pages/dog.wxml",
  "packageA/pages/dog.wxss",
  "packageB/index.js",
  "packageB/miniprogram_npm/buffer/index.js",
  "packageB/miniprogram_npm/gm-crypto/index.js",
  "packageB/pages/apple.js",
  "packageB/pages/apple.json",
  "packageB/pages/apple.wxml",
  "packageB/pages/banana.js",
  "packageB/pages/banana.wxml",
  "packageB/util-b29wsyz4.js",
  "pages/index/bbc.wxs",
  "pages/index/cjs.wxs",
  "pages/index/dep.wxs",
  "pages/index/dep1.wxs",
  "pages/index/dep2.wxs",
  "pages/index/esm.wxs",
  "pages/index/index.js",
  "pages/index/index.json",
  "pages/index/index.wxml",
  "pages/index/index.wxs",
  "pages/index/index.wxss",
  "pages/index/xx.wxs",
  "sitemap.json",
  "theme.json",
  "workers/hello.js",
  "workers/index.js",
  "workers/utils.js",
]
`;

exports[`watch > watch 2`] = `
Map {
  "packageB" => {
    "entries": [
      "packageB/pages/apple",
      "packageB/pages/banana",
      "packageB/index",
    ],
    "subPackage": {
      "entry": "index.js",
      "independent": true,
      "name": "pack2",
      "pages": [
        "pages/apple",
        "pages/banana",
      ],
      "root": "packageB",
    },
  },
}
`;
