// Vitest Snapshot v1, https://vitest.dev/guide/snapshot.html

exports[`wxml > processWxml case bind > components 1`] = `{}`;

exports[`wxml > processWxml case bind > deps 1`] = `[]`;

exports[`wxml > processWxml case bind case 0 > components 1`] = `{}`;

exports[`wxml > processWxml case bind case 0 > deps 1`] = `[]`;

exports[`wxml > processWxml case bind case 1 > components 1`] = `{}`;

exports[`wxml > processWxml case bind case 1 > deps 1`] = `[]`;

exports[`wxml > processWxml case bind case 2 > components 1`] = `{}`;

exports[`wxml > processWxml case bind case 2 > deps 1`] = `[]`;

exports[`wxml > processWxml case capture-bind > components 1`] = `{}`;

exports[`wxml > processWxml case capture-bind > deps 1`] = `[]`;

exports[`wxml > processWxml case capture-catch > components 1`] = `{}`;

exports[`wxml > processWxml case capture-catch > deps 1`] = `[]`;

exports[`wxml > processWxml case catch > components 1`] = `{}`;

exports[`wxml > processWxml case catch > deps 1`] = `[]`;

exports[`wxml > processWxml case catch case 0 > components 1`] = `{}`;

exports[`wxml > processWxml case catch case 0 > deps 1`] = `[]`;

exports[`wxml > processWxml case catch case 1 > components 1`] = `{}`;

exports[`wxml > processWxml case catch case 1 > deps 1`] = `[]`;

exports[`wxml > processWxml case inline > components 1`] = `{}`;

exports[`wxml > processWxml case inline > deps 1`] = `[]`;

exports[`wxml > processWxml case inline 1`] = `
"<view>{{test.foo}}</view>

<wxs module="test" >
module.exports.foo = module.exports.bbc = module.exports.bar = module.exports.abc = void 0;
var _require = require("./index.wxs"),
  bar = module.exports.bar = _require.bar,
  foo = module.exports.foo = _require.foo;
var bbc = module.exports.bbc = require('./bbc.wxs');
var abc = module.exports.abc = 'abc';
</wxs>"
`;

exports[`wxml > processWxml case mut-bind > components 1`] = `{}`;

exports[`wxml > processWxml case mut-bind > deps 1`] = `[]`;

exports[`wxml > processWxml components case 0 > components 1`] = `
{
  "ABAB": [
    {
      "end": 13,
      "start": 0,
    },
  ],
}
`;

exports[`wxml > processWxml components case 0 > deps 1`] = `[]`;

exports[`wxml > processWxml components case 1 > components 1`] = `
{
  "t-button": [
    {
      "end": 105,
      "start": 51,
    },
    {
      "end": 160,
      "start": 108,
    },
    {
      "end": 201,
      "start": 163,
    },
    {
      "end": 314,
      "start": 242,
    },
    {
      "end": 386,
      "start": 317,
    },
  ],
}
`;

exports[`wxml > processWxml components case 1 > deps 1`] = `[]`;

exports[`wxml > processWxml deps case 0 > components 1`] = `{}`;

exports[`wxml > processWxml deps case 0 > deps 1`] = `
[
  {
    "attrs": {
      "src": "xx.wxs.ts",
    },
    "end": 20,
    "name": "src",
    "quote": """,
    "start": 5,
    "tagName": "wxs",
    "value": "xx.wxs.ts",
  },
]
`;

exports[`wxml > processWxml deps case 1 > components 1`] = `{}`;

exports[`wxml > processWxml deps case 1 > deps 1`] = `
[
  {
    "attrs": {
      "src": "xx.wxs.ts",
    },
    "end": 20,
    "name": "src",
    "quote": """,
    "start": 5,
    "tagName": "wxs",
    "value": "xx.wxs.ts",
  },
]
`;
