// Vitest Snapshot v1, https://vitest.dev/guide/snapshot.html

exports[`index > foo bar > fileList 1`] = `
[
  "app.js",
  "app.json",
  "app.wxss",
]
`;
